Archive member included to satisfy reference by file (symbol)

d:/nxp/s32ds.3.5/s32ds/build_tools/gcc_v10.2/gcc-10.2-arm32-eabi/bin/../lib/gcc/arm-none-eabi/10.2.0/thumb/v7e-m/nofp\libgcc.a(_arm_muldf3.o)
                              ./driver/src/Systick_hal.o (__aeabi_dmul)
d:/nxp/s32ds.3.5/s32ds/build_tools/gcc_v10.2/gcc-10.2-arm32-eabi/bin/../lib/gcc/arm-none-eabi/10.2.0/thumb/v7e-m/nofp\libgcc.a(_arm_addsubdf3.o)
                              ./driver/src/Systick_hal.o (__aeabi_dsub)
d:/nxp/s32ds.3.5/s32ds/build_tools/gcc_v10.2/gcc-10.2-arm32-eabi/bin/../lib/gcc/arm-none-eabi/10.2.0/thumb/v7e-m/nofp\libgcc.a(_arm_fixunsdfsi.o)
                              ./driver/src/Systick_hal.o (__aeabi_d2uiz)
d:/nxp/s32ds.3.5/s32ds/build_tools/gcc_v10.2/gcc-10.2-arm32-eabi/bin/../lib/gcc/arm-none-eabi/10.2.0/../../../../arm-none-eabi/lib/thumb/v7e-m/nofp\libc.a(lib_a-exit.o)
                              d:/nxp/s32ds.3.5/s32ds/build_tools/gcc_v10.2/gcc-10.2-arm32-eabi/bin/../lib/gcc/arm-none-eabi/10.2.0/../../../../arm-none-eabi/lib/thumb/v7e-m/nofp/crt0.o (exit)
d:/nxp/s32ds.3.5/s32ds/build_tools/gcc_v10.2/gcc-10.2-arm32-eabi/bin/../lib/gcc/arm-none-eabi/10.2.0/../../../../arm-none-eabi/lib/thumb/v7e-m/nofp\libc.a(lib_a-impure.o)
                              d:/nxp/s32ds.3.5/s32ds/build_tools/gcc_v10.2/gcc-10.2-arm32-eabi/bin/../lib/gcc/arm-none-eabi/10.2.0/../../../../arm-none-eabi/lib/thumb/v7e-m/nofp\libc.a(lib_a-exit.o) (_global_impure_ptr)
d:/nxp/s32ds.3.5/s32ds/build_tools/gcc_v10.2/gcc-10.2-arm32-eabi/bin/../lib/gcc/arm-none-eabi/10.2.0/../../../../arm-none-eabi/lib/thumb/v7e-m/nofp\libc.a(lib_a-init.o)
                              d:/nxp/s32ds.3.5/s32ds/build_tools/gcc_v10.2/gcc-10.2-arm32-eabi/bin/../lib/gcc/arm-none-eabi/10.2.0/../../../../arm-none-eabi/lib/thumb/v7e-m/nofp/crt0.o (__libc_init_array)
d:/nxp/s32ds.3.5/s32ds/build_tools/gcc_v10.2/gcc-10.2-arm32-eabi/bin/../lib/gcc/arm-none-eabi/10.2.0/../../../../arm-none-eabi/lib/thumb/v7e-m/nofp\libc.a(lib_a-memset.o)
                              d:/nxp/s32ds.3.5/s32ds/build_tools/gcc_v10.2/gcc-10.2-arm32-eabi/bin/../lib/gcc/arm-none-eabi/10.2.0/../../../../arm-none-eabi/lib/thumb/v7e-m/nofp/crt0.o (memset)
d:/nxp/s32ds.3.5/s32ds/build_tools/gcc_v10.2/gcc-10.2-arm32-eabi/bin/../lib/gcc/arm-none-eabi/10.2.0/../../../../arm-none-eabi/lib/thumb/v7e-m/nofp\libc.a(lib_a-strlen.o)
                              ./src/main.o (strlen)
d:/nxp/s32ds.3.5/s32ds/build_tools/gcc_v10.2/gcc-10.2-arm32-eabi/bin/../lib/gcc/arm-none-eabi/10.2.0/../../../../arm-none-eabi/lib/thumb/v7e-m/nofp\libc.a(lib_a-__call_atexit.o)
                              d:/nxp/s32ds.3.5/s32ds/build_tools/gcc_v10.2/gcc-10.2-arm32-eabi/bin/../lib/gcc/arm-none-eabi/10.2.0/../../../../arm-none-eabi/lib/thumb/v7e-m/nofp\libc.a(lib_a-exit.o) (__call_exitprocs)
d:/nxp/s32ds.3.5/s32ds/build_tools/gcc_v10.2/gcc-10.2-arm32-eabi/bin/../lib/gcc/arm-none-eabi/10.2.0/../../../../arm-none-eabi/lib/thumb/v7e-m/nofp\libc.a(lib_a-fini.o)
                              d:/nxp/s32ds.3.5/s32ds/build_tools/gcc_v10.2/gcc-10.2-arm32-eabi/bin/../lib/gcc/arm-none-eabi/10.2.0/../../../../arm-none-eabi/lib/thumb/v7e-m/nofp\libc.a(lib_a-__call_atexit.o) (__libc_fini_array)
d:/nxp/s32ds.3.5/s32ds/build_tools/gcc_v10.2/gcc-10.2-arm32-eabi/bin/../lib/gcc/arm-none-eabi/10.2.0/../../../../arm-none-eabi/lib/thumb/v7e-m/nofp\libc.a(lib_a-atexit.o)
                              d:/nxp/s32ds.3.5/s32ds/build_tools/gcc_v10.2/gcc-10.2-arm32-eabi/bin/../lib/gcc/arm-none-eabi/10.2.0/../../../../arm-none-eabi/lib/thumb/v7e-m/nofp\libc.a(lib_a-__call_atexit.o) (atexit)
d:/nxp/s32ds.3.5/s32ds/build_tools/gcc_v10.2/gcc-10.2-arm32-eabi/bin/../lib/gcc/arm-none-eabi/10.2.0/../../../../arm-none-eabi/lib/thumb/v7e-m/nofp\libc.a(lib_a-__atexit.o)
                              d:/nxp/s32ds.3.5/s32ds/build_tools/gcc_v10.2/gcc-10.2-arm32-eabi/bin/../lib/gcc/arm-none-eabi/10.2.0/../../../../arm-none-eabi/lib/thumb/v7e-m/nofp\libc.a(lib_a-atexit.o) (__register_exitproc)
d:/nxp/s32ds.3.5/s32ds/build_tools/gcc_v10.2/gcc-10.2-arm32-eabi/bin/../lib/gcc/arm-none-eabi/10.2.0/../../../../arm-none-eabi/lib/thumb/v7e-m/nofp\libnosys.a(_exit.o)
                              d:/nxp/s32ds.3.5/s32ds/build_tools/gcc_v10.2/gcc-10.2-arm32-eabi/bin/../lib/gcc/arm-none-eabi/10.2.0/../../../../arm-none-eabi/lib/thumb/v7e-m/nofp\libc.a(lib_a-exit.o) (_exit)

Discarded input sections

 .text          0x00000000        0x0 d:/nxp/s32ds.3.5/s32ds/build_tools/gcc_v10.2/gcc-10.2-arm32-eabi/bin/../lib/gcc/arm-none-eabi/10.2.0/thumb/v7e-m/nofp/crti.o
 .data          0x00000000        0x0 d:/nxp/s32ds.3.5/s32ds/build_tools/gcc_v10.2/gcc-10.2-arm32-eabi/bin/../lib/gcc/arm-none-eabi/10.2.0/thumb/v7e-m/nofp/crti.o
 .bss           0x00000000        0x0 d:/nxp/s32ds.3.5/s32ds/build_tools/gcc_v10.2/gcc-10.2-arm32-eabi/bin/../lib/gcc/arm-none-eabi/10.2.0/thumb/v7e-m/nofp/crti.o
[...]
Memory Configuration

Name             Origin             Length             Attributes
m_interrupts     0x00000000         0x00000400         xr
m_flash_config   0x00000400         0x00000010         xr
m_text           0x00000410         0x00009bf0         xr
m_data           0x1fff8000         0x00008000         rw
m_data_2         0x20000000         0x00007000         rw
*default*        0x00000000         0xffffffff

Linker script and memory map

LOAD d:/nxp/s32ds.3.5/s32ds/build_tools/gcc_v10.2/gcc-10.2-arm32-eabi/bin/../lib/gcc/arm-none-eabi/10.2.0/thumb/v7e-m/nofp/crti.o
LOAD d:/nxp/s32ds.3.5/s32ds/build_tools/gcc_v10.2/gcc-10.2-arm32-eabi/bin/../lib/gcc/arm-none-eabi/10.2.0/thumb/v7e-m/nofp/crtbegin.o
LOAD d:/nxp/s32ds.3.5/s32ds/build_tools/gcc_v10.2/gcc-10.2-arm32-eabi/bin/../lib/gcc/arm-none-eabi/10.2.0/../../../../arm-none-eabi/lib/thumb/v7e-m/nofp/crt0.o
LOAD ./Project_Settings/Startup_Code/startup.o
LOAD ./Project_Settings/Startup_Code/startup_S32K144.o
LOAD ./Project_Settings/Startup_Code/system_S32K144.o
LOAD ./driver/src/GPIO_driver.o
LOAD ./driver/src/Systick_driver.o
LOAD ./driver/src/Systick_hal.o
LOAD ./driver/src/UART_driver.o
LOAD ./hal/src/gpio_hal.o
LOAD ./src/flash_driver.o
LOAD ./src/jump_to_app.o
LOAD ./src/main.o
START GROUP
LOAD d:/nxp/s32ds.3.5/s32ds/build_tools/gcc_v10.2/gcc-10.2-arm32-eabi/bin/../lib/gcc/arm-none-eabi/10.2.0/thumb/v7e-m/nofp\libgcc.a
LOAD d:/nxp/s32ds.3.5/s32ds/build_tools/gcc_v10.2/gcc-10.2-arm32-eabi/bin/../lib/gcc/arm-none-eabi/10.2.0/../../../../arm-none-eabi/lib/thumb/v7e-m/nofp\libc.a
END GROUP
START GROUP
LOAD d:/nxp/s32ds.3.5/s32ds/build_tools/gcc_v10.2/gcc-10.2-arm32-eabi/bin/../lib/gcc/arm-none-eabi/10.2.0/thumb/v7e-m/nofp\libgcc.a
LOAD d:/nxp/s32ds.3.5/s32ds/build_tools/gcc_v10.2/gcc-10.2-arm32-eabi/bin/../lib/gcc/arm-none-eabi/10.2.0/../../../../arm-none-eabi/lib/thumb/v7e-m/nofp\libc.a
LOAD d:/nxp/s32ds.3.5/s32ds/build_tools/gcc_v10.2/gcc-10.2-arm32-eabi/bin/../lib/gcc/arm-none-eabi/10.2.0/../../../../arm-none-eabi/lib/thumb/v7e-m/nofp\libnosys.a
END GROUP
LOAD d:/nxp/s32ds.3.5/s32ds/build_tools/gcc_v10.2/gcc-10.2-arm32-eabi/bin/../lib/gcc/arm-none-eabi/10.2.0/thumb/v7e-m/nofp/crtend.o
LOAD d:/nxp/s32ds.3.5/s32ds/build_tools/gcc_v10.2/gcc-10.2-arm32-eabi/bin/../lib/gcc/arm-none-eabi/10.2.0/thumb/v7e-m/nofp/crtn.o
                0x00000001                __flash_vector_table__ = 0x1
                0x00000400                HEAP_SIZE = DEFINED (__heap_size__)?__heap_size__:0x400
                0x00000400                STACK_SIZE = DEFINED (__stack_size__)?__stack_size__:0x400
                0x00000000                M_VECTOR_RAM_SIZE = DEFINED (__flash_vector_table__)?0x0:0x400

.interrupts     0x00000000      0x400
                0x00000000                __VECTOR_TABLE = .
                0x00000000                __interrupts_start__ = .
                0x00000000                . = ALIGN (0x4)
 *(.isr_vector)
 .isr_vector    0x00000000      0x400 ./Project_Settings/Startup_Code/startup_S32K144.o
                0x00000000                __isr_vector
                0x00000400                __interrupts_end__ = .
                0x00000400                . = ALIGN (0x4)

.flash_config   0x00000400       0x10
                0x00000400                . = ALIGN (0x4)
 *(.FlashConfig)
 .FlashConfig   0x00000400       0x10 ./Project_Settings/Startup_Code/startup_S32K144.o
                0x00000410                . = ALIGN (0x4)

.text           0x00000410     0x1908
                0x00000410                . = ALIGN (0x4)
 *(.text)
 .text          0x00000410       0x88 d:/nxp/s32ds.3.5/s32ds/build_tools/gcc_v10.2/gcc-10.2-arm32-eabi/bin/../lib/gcc/arm-none-eabi/10.2.0/thumb/v7e-m/nofp/crtbegin.o
 .text          0x00000498       0x7c d:/nxp/s32ds.3.5/s32ds/build_tools/gcc_v10.2/gcc-10.2-arm32-eabi/bin/../lib/gcc/arm-none-eabi/10.2.0/../../../../arm-none-eabi/lib/thumb/v7e-m/nofp/crt0.o
                0x00000498                _stack_init
                0x000004a0                _start
                0x000004a0                _mainCRTStartup
 .text          0x00000514       0x6c ./Project_Settings/Startup_Code/startup_S32K144.o
                0x00000514                Reset_Handler
                0x0000057c                DebugMon_Handler
                0x0000057c                Reserved88_IRQHandler
                0x0000057c                CAN0_ORed_IRQHandler
                0x0000057c                HardFault_Handler
                0x0000057c                Reserved86_IRQHandler
                0x0000057c                Reserved103_IRQHandler
                0x0000057c                SysTick_Handler
                0x0000057c                FTM2_Ovf_Reload_IRQHandler
                0x0000057c                Reserved50_IRQHandler
                0x0000057c                FTFC_Fault_IRQHandler
                0x0000057c                FTM0_Ch6_Ch7_IRQHandler
                0x0000057c                Reserved114_IRQHandler
                0x0000057c                PendSV_Handler
                0x0000057c                NMI_Handler
                0x0000057c                Reserved89_IRQHandler
                0x0000057c                ERM_double_fault_IRQHandler
                0x0000057c                DMA2_IRQHandler
                0x0000057c                Reserved59_IRQHandler
                0x0000057c                LPIT0_Ch0_IRQHandler
                0x0000057c                Reserved99_IRQHandler
                0x0000057c                FTM3_Ch6_Ch7_IRQHandler
                0x0000057c                CAN2_ORed_0_15_MB_IRQHandler
                0x0000057c                LPIT0_Ch3_IRQHandler
                0x0000057c                Reserved92_IRQHandler
                0x0000057c                FTM0_Ch4_Ch5_IRQHandler
                0x0000057c                CAN1_Error_IRQHandler
                0x0000057c                FTM3_Ch0_Ch1_IRQHandler
                0x0000057c                SWI_IRQHandler
                0x0000057c                ADC0_IRQHandler
                0x0000057c                FTM2_Ch4_Ch5_IRQHandler
                0x0000057c                UsageFault_Handler
                0x0000057c                FTM0_Ovf_Reload_IRQHandler
                0x0000057c                DefaultISR
                0x0000057c                DMA9_IRQHandler
                0x0000057c                Reserved58_IRQHandler
                0x0000057c                CAN1_ORed_0_15_MB_IRQHandler
                0x0000057c                FTM1_Ch2_Ch3_IRQHandler
                0x0000057c                DMA14_IRQHandler
                0x0000057c                Reserved82_IRQHandler
                0x0000057c                CAN0_ORed_16_31_MB_IRQHandler
                0x0000057c                LPI2C0_Slave_IRQHandler
                0x0000057c                Reserved71_IRQHandler
                0x0000057c                PORTD_IRQHandler
                0x0000057c                Reserved69_IRQHandler
                0x0000057c                PORTB_IRQHandler
                0x0000057c                Reserved70_IRQHandler
                0x0000057c                ADC1_IRQHandler
                0x0000057c                FTM2_Ch2_Ch3_IRQHandler
                0x0000057c                Reserved53_IRQHandler
                0x0000057c                DMA5_IRQHandler
                0x0000057c                RTC_IRQHandler
                0x0000057c                PDB0_IRQHandler
                0x0000057c                Reserved54_IRQHandler
                0x0000057c                FTM2_Ch6_Ch7_IRQHandler
                0x0000057c                FTM3_Ch2_Ch3_IRQHandler
                0x0000057c                FTM2_Ch0_Ch1_IRQHandler
                0x0000057c                LPSPI1_IRQHandler
                0x0000057c                RTC_Seconds_IRQHandler
                0x0000057c                CAN2_ORed_IRQHandler
                0x0000057c                Reserved72_IRQHandler
                0x0000057c                Reserved110_IRQHandler
                0x0000057c                DMA11_IRQHandler
                0x0000057c                Reserved107_IRQHandler
                0x0000057c                Read_Collision_IRQHandler
                0x0000057c                CAN2_Error_IRQHandler
                0x0000057c                FTFC_IRQHandler
                0x0000057c                DMA7_IRQHandler
                0x0000057c                FTM1_Ch6_Ch7_IRQHandler
                0x0000057c                Reserved105_IRQHandler
                0x0000057c                LPIT0_Ch1_IRQHandler
                0x0000057c                FTM1_Ch4_Ch5_IRQHandler
                0x0000057c                FTM3_Ovf_Reload_IRQHandler
                0x0000057c                LPUART2_RxTx_IRQHandler
                0x0000057c                LPSPI0_IRQHandler
                0x0000057c                WDOG_EWM_IRQHandler
                0x0000057c                MemManage_Handler
                0x0000057c                Reserved90_IRQHandler
                0x0000057c                Reserved83_IRQHandler
                0x0000057c                FTM0_Fault_IRQHandler
                0x0000057c                Reserved48_IRQHandler
                0x0000057c                SVC_Handler
                0x0000057c                ERM_single_fault_IRQHandler
                0x0000057c                FTM2_Fault_IRQHandler
                0x0000057c                FTM0_Ch2_Ch3_IRQHandler
                0x0000057c                DMA13_IRQHandler
                0x0000057c                FTM0_Ch0_Ch1_IRQHandler
                0x0000057c                FTM3_Fault_IRQHandler
                0x0000057c                RCM_IRQHandler
                0x0000057c                DMA3_IRQHandler
                0x0000057c                Reserved100_IRQHandler
                0x0000057c                DMA0_IRQHandler
                0x0000057c                Reserved91_IRQHandler
                0x0000057c                CAN1_ORed_IRQHandler
                0x0000057c                DMA15_IRQHandler
                0x0000057c                SCG_IRQHandler
                0x0000057c                PDB1_IRQHandler
                0x0000057c                Reserved81_IRQHandler
                0x0000057c                Reserved46_IRQHandler
                0x0000057c                Reserved45_IRQHandler
                0x0000057c                CAN0_Error_IRQHandler
                0x0000057c                Reserved112_IRQHandler
                0x0000057c                LPI2C0_Master_IRQHandler
                0x0000057c                DMA4_IRQHandler
                0x0000057c                FTM1_Fault_IRQHandler
                0x0000057c                Reserved106_IRQHandler
                0x0000057c                DMA_Error_IRQHandler
                0x0000057c                LVD_LVW_IRQHandler
                0x0000057c                LPIT0_Ch2_IRQHandler
                0x0000057c                PORTA_IRQHandler
                0x0000057c                MCM_IRQHandler
                0x0000057c                LPSPI2_IRQHandler
                0x0000057c                DMA12_IRQHandler
                0x0000057c                FTM3_Ch4_Ch5_IRQHandler
                0x0000057c                CAN0_ORed_0_15_MB_IRQHandler
                0x0000057c                PORTE_IRQHandler
                0x0000057c                LPUART0_RxTx_IRQHandler
                0x0000057c                LPTMR0_IRQHandler
                0x0000057c                BusFault_Handler
                0x0000057c                Reserved87_IRQHandler
                0x0000057c                FTM1_Ovf_Reload_IRQHandler
                0x0000057c                DMA8_IRQHandler
                0x0000057c                Reserved93_IRQHandler
                0x0000057c                DMA10_IRQHandler
                0x0000057c                CAN0_Wake_Up_IRQHandler
                0x0000057c                CMP0_IRQHandler
                0x0000057c                Reserved52_IRQHandler
                0x0000057c                DMA6_IRQHandler
                0x0000057c                FTM1_Ch0_Ch1_IRQHandler
                0x0000057c                FLEXIO_IRQHandler
                0x0000057c                DMA1_IRQHandler
                0x0000057c                Reserved113_IRQHandler
 .text          0x00000580       0x10 d:/nxp/s32ds.3.5/s32ds/build_tools/gcc_v10.2/gcc-10.2-arm32-eabi/bin/../lib/gcc/arm-none-eabi/10.2.0/../../../../arm-none-eabi/lib/thumb/v7e-m/nofp\libc.a(lib_a-strlen.o)
                0x00000580                strlen
 *(.text*)
 .text.init_data_bss
                0x00000590      0x128 ./Project_Settings/Startup_Code/startup.o
                0x00000590                init_data_bss
 .text.SystemInit
                0x000006b8       0x30 ./Project_Settings/Startup_Code/system_S32K144.o
                0x000006b8                SystemInit
 .text.GPIO_SetInput
                0x000006e8       0x6c ./driver/src/GPIO_driver.o
                0x000006e8                GPIO_SetInput
 .text.GPIO_SetOutput
                0x00000754       0x68 ./driver/src/GPIO_driver.o
                0x00000754                GPIO_SetOutput
 .text.GPIO_SetToggle
                0x000007bc       0x20 ./driver/src/GPIO_driver.o
                0x000007bc                GPIO_SetToggle
 .text.GPIO_SetLow
                0x000007dc       0x20 ./driver/src/GPIO_driver.o
                0x000007dc                GPIO_SetLow
 .text.GPIO_GetInput
                0x000007fc       0x20 ./driver/src/GPIO_driver.o
                0x000007fc                GPIO_GetInput
 .text.PORTC_IRQHandler
                0x0000081c       0x84 ./driver/src/GPIO_driver.o
                0x0000081c                PORTC_IRQHandler
 .text.rx_push  0x000008a0       0x50 ./driver/src/UART_driver.o
                0x000008a0                rx_push
 .text.rx_pop   0x000008f0       0x5c ./driver/src/UART_driver.o
                0x000008f0                rx_pop
 .text.ARM_USART_PowerControl
                0x0000094c       0x3e ./driver/src/UART_driver.o
                0x0000094c                ARM_USART_PowerControl
 *fill*         0x0000098a        0x2 
 .text.ARM_USART_Initialize
                0x0000098c      0x114 ./driver/src/UART_driver.o
                0x0000098c                ARM_USART_Initialize
 .text.ARM_USART_Uninitialize
                0x00000aa0       0x50 ./driver/src/UART_driver.o
                0x00000aa0                ARM_USART_Uninitialize
 .text.ARM_USART_Control
                0x00000af0      0x1bc ./driver/src/UART_driver.o
                0x00000af0                ARM_USART_Control
 .text.ARM_USART_Send
                0x00000cac       0x84 ./driver/src/UART_driver.o
                0x00000cac                ARM_USART_Send
 .text.ARM_USART_Receive
                0x00000d30       0x42 ./driver/src/UART_driver.o
                0x00000d30                ARM_USART_Receive
 *fill*         0x00000d72        0x2 
 .text.ARM_UART_Wait_Tc
                0x00000d74       0x20 ./driver/src/UART_driver.o
                0x00000d74                ARM_UART_Wait_Tc
 .text.LPUART1_RxTx_IRQHandler
                0x00000d94       0x48 ./driver/src/UART_driver.o
                0x00000d94                LPUART1_RxTx_IRQHandler
 .text.ARM_GPIO_Setup
                0x00000ddc       0xa4 ./hal/src/gpio_hal.o
                0x00000ddc                ARM_GPIO_Setup
 .text.ARM_GPIO_SetDirection
                0x00000e80       0xa0 ./hal/src/gpio_hal.o
                0x00000e80                ARM_GPIO_SetDirection
 .text.ARM_GPIO_SetPullResistor
                0x00000f20      0x108 ./hal/src/gpio_hal.o
                0x00000f20                ARM_GPIO_SetPullResistor
 .text.ARM_GPIO_SetOutput
                0x00001028       0x54 ./hal/src/gpio_hal.o
                0x00001028                ARM_GPIO_SetOutput
 .text.ARM_GPIO_SetToggle
                0x0000107c       0x38 ./hal/src/gpio_hal.o
                0x0000107c                ARM_GPIO_SetToggle
 .text.ARM_GPIO_OutputHigh
                0x000010b4       0x38 ./hal/src/gpio_hal.o
                0x000010b4                ARM_GPIO_OutputHigh
 .text.ARM_GPIO_OutputLow
                0x000010ec       0x38 ./hal/src/gpio_hal.o
                0x000010ec                ARM_GPIO_OutputLow
 .text.ARM_GPIO_GetInput
                0x00001124       0x38 ./hal/src/gpio_hal.o
                0x00001124                ARM_GPIO_GetInput
 .text.ARM_GPIO_SetEventTrigger
                0x0000115c      0x1a0 ./hal/src/gpio_hal.o
                0x0000115c                ARM_GPIO_SetEventTrigger
 .text.irq_disable_save
                0x000012fc       0x1a ./src/flash_driver.o
                0x000012fc                irq_disable_save
 .text.irq_restore
                0x00001316       0x18 ./src/flash_driver.o
                0x00001316                irq_restore
 .text.hex_to_u8
                0x0000132e       0x52 ./src/flash_driver.o
 .text.hex_byte
                0x00001380       0x3e ./src/flash_driver.o
 .text.__DSB    0x000013be       0x10 ./src/jump_to_app.o
                0x000013be                __DSB
 .text.__ISB    0x000013ce       0x10 ./src/jump_to_app.o
                0x000013ce                __ISB
 .text.__set_MSP
                0x000013de       0x18 ./src/jump_to_app.o
                0x000013de                __set_MSP
 *fill*         0x000013f6        0x2 
 .text.uart_puts
                0x000013f8       0x28 ./src/main.o
 .text.uart_put_hex32
                0x00001420       0x50 ./src/main.o
 .text.delay_loop
                0x00001470       0x22 ./src/main.o
 .text.GPIO_Init
                0x00001492       0x18 ./src/main.o
 *fill*         0x000014aa        0x2 
 .text.UART_Init
                0x000014ac       0x3c ./src/main.o
 .text.bootloader_run
                0x000014e8      0x1d8 ./src/main.o
 .text.error_blink
                0x000016c0       0x18 ./src/main.o
 .text.main     0x000016d8      0x108 ./src/main.o
                0x000016d8                main
 .text.exit     0x000017e0       0x20 d:/nxp/s32ds.3.5/s32ds/build_tools/gcc_v10.2/gcc-10.2-arm32-eabi/bin/../lib/gcc/arm-none-eabi/10.2.0/../../../../arm-none-eabi/lib/thumb/v7e-m/nofp\libc.a(lib_a-exit.o)
                0x000017e0                exit
 .text.__libc_init_array
                0x00001800       0x48 d:/nxp/s32ds.3.5/s32ds/build_tools/gcc_v10.2/gcc-10.2-arm32-eabi/bin/../lib/gcc/arm-none-eabi/10.2.0/../../../../arm-none-eabi/lib/thumb/v7e-m/nofp\libc.a(lib_a-init.o)
                0x00001800                __libc_init_array
 .text.memset   0x00001848       0x10 d:/nxp/s32ds.3.5/s32ds/build_tools/gcc_v10.2/gcc-10.2-arm32-eabi/bin/../lib/gcc/arm-none-eabi/10.2.0/../../../../arm-none-eabi/lib/thumb/v7e-m/nofp\libc.a(lib_a-memset.o)
                0x00001848                memset
 .text.startup.register_fini
                0x00001858       0x14 d:/nxp/s32ds.3.5/s32ds/build_tools/gcc_v10.2/gcc-10.2-arm32-eabi/bin/../lib/gcc/arm-none-eabi/10.2.0/../../../../arm-none-eabi/lib/thumb/v7e-m/nofp\libc.a(lib_a-__call_atexit.o)
 .text.__call_exitprocs
                0x0000186c       0xa4 d:/nxp/s32ds.3.5/s32ds/build_tools/gcc_v10.2/gcc-10.2-arm32-eabi/bin/../lib/gcc/arm-none-eabi/10.2.0/../../../../arm-none-eabi/lib/thumb/v7e-m/nofp\libc.a(lib_a-__call_atexit.o)
                0x0000186c                __call_exitprocs
 .text.__libc_fini_array
                0x00001910       0x28 d:/nxp/s32ds.3.5/s32ds/build_tools/gcc_v10.2/gcc-10.2-arm32-eabi/bin/../lib/gcc/arm-none-eabi/10.2.0/../../../../arm-none-eabi/lib/thumb/v7e-m/nofp\libc.a(lib_a-fini.o)
                0x00001910                __libc_fini_array
 .text.atexit   0x00001938        0xc d:/nxp/s32ds.3.5/s32ds/build_tools/gcc_v10.2/gcc-10.2-arm32-eabi/bin/../lib/gcc/arm-none-eabi/10.2.0/../../../../arm-none-eabi/lib/thumb/v7e-m/nofp\libc.a(lib_a-atexit.o)
                0x00001938                atexit
 .text.__register_exitproc
                0x00001944       0x64 d:/nxp/s32ds.3.5/s32ds/build_tools/gcc_v10.2/gcc-10.2-arm32-eabi/bin/../lib/gcc/arm-none-eabi/10.2.0/../../../../arm-none-eabi/lib/thumb/v7e-m/nofp\libc.a(lib_a-__atexit.o)
                0x00001944                __register_exitproc
 .text._exit    0x000019a8        0x2 d:/nxp/s32ds.3.5/s32ds/build_tools/gcc_v10.2/gcc-10.2-arm32-eabi/bin/../lib/gcc/arm-none-eabi/10.2.0/../../../../arm-none-eabi/lib/thumb/v7e-m/nofp\libnosys.a(_exit.o)
                0x000019a8                _exit
 *(.rodata)
 *fill*         0x000019aa        0x2 
 .rodata        0x000019ac      0x2c9 ./src/main.o
 *(.rodata*)
 *fill*         0x00001c75        0x3 
 .rodata.PORTx  0x00001c78       0x14 ./hal/src/gpio_hal.o
 .rodata.GPIOx  0x00001c8c       0x14 ./hal/src/gpio_hal.o
 .rodata.PORT_CLOCK_GATE
                0x00001ca0       0x14 ./hal/src/gpio_hal.o
 .rodata.hex.0  0x00001cb4       0x11 ./src/main.o
 *fill*         0x00001cc5        0x3 
 .rodata._global_impure_ptr
                0x00001cc8        0x4 d:/nxp/s32ds.3.5/s32ds/build_tools/gcc_v10.2/gcc-10.2-arm32-eabi/bin/../lib/gcc/arm-none-eabi/10.2.0/../../../../arm-none-eabi/lib/thumb/v7e-m/nofp\libc.a(lib_a-impure.o)
                0x00001cc8                _global_impure_ptr
 *(.glue_7)
 .glue_7        0x00001ccc        0x0 linker stubs
 *(.glue_7t)
 .glue_7t       0x00001ccc        0x0 linker stubs
 *(.eh_frame)
 .eh_frame      0x00001ccc        0x0 d:/nxp/s32ds.3.5/s32ds/build_tools/gcc_v10.2/gcc-10.2-arm32-eabi/bin/../lib/gcc/arm-none-eabi/10.2.0/thumb/v7e-m/nofp/crtbegin.o
 *(.init)
 .init          0x00001ccc        0x4 d:/nxp/s32ds.3.5/s32ds/build_tools/gcc_v10.2/gcc-10.2-arm32-eabi/bin/../lib/gcc/arm-none-eabi/10.2.0/thumb/v7e-m/nofp/crti.o
                0x00001ccc                _init
 .init          0x00001cd0        0x8 d:/nxp/s32ds.3.5/s32ds/build_tools/gcc_v10.2/gcc-10.2-arm32-eabi/bin/../lib/gcc/arm-none-eabi/10.2.0/thumb/v7e-m/nofp/crtn.o
 *(.fini)
 .fini          0x00001cd8        0x4 d:/nxp/s32ds.3.5/s32ds/build_tools/gcc_v10.2/gcc-10.2-arm32-eabi/bin/../lib/gcc/arm-none-eabi/10.2.0/thumb/v7e-m/nofp/crti.o
                0x00001cd8                _fini
 .fini          0x00001cdc        0x8 d:/nxp/s32ds.3.5/s32ds/build_tools/gcc_v10.2/gcc-10.2-arm32-eabi/bin/../lib/gcc/arm-none-eabi/10.2.0/thumb/v7e-m/nofp/crtn.o
 *fill*         0x00001ce4        0x4 
 .fini.__stub   0x00001ce8       0x30 linker stubs
                0x00001d18                . = ALIGN (0x4)

.vfp11_veneer   0x00001d18        0x0
 .vfp11_veneer  0x00001d18        0x0 linker stubs

.v4_bx          0x00001d18        0x0
 .v4_bx         0x00001d18        0x0 linker stubs

.iplt           0x00001d18        0x0
 .iplt          0x00001d18        0x0 d:/nxp/s32ds.3.5/s32ds/build_tools/gcc_v10.2/gcc-10.2-arm32-eabi/bin/../lib/gcc/arm-none-eabi/10.2.0/thumb/v7e-m/nofp/crtbegin.o

.ARM.extab
 *(.ARM.extab* .gnu.linkonce.armextab.*)

.ARM            0x00001d18        0x8
                0x00001d18                __exidx_start = .
 *(.ARM.exidx*)
 .ARM.exidx     0x00001d18        0x8 d:/nxp/s32ds.3.5/s32ds/build_tools/gcc_v10.2/gcc-10.2-arm32-eabi/bin/../lib/gcc/arm-none-eabi/10.2.0/../../../../arm-none-eabi/lib/thumb/v7e-m/nofp/crt0.o
                                 0x10 (size before relaxing)
                0x00001d20                __exidx_end = .

.ctors          0x00001d20        0x0
                0x00001d20                __CTOR_LIST__ = .
 *crtbegin.o(.ctors)
 *crtbegin?.o(.ctors)
 *(EXCLUDE_FILE(*crtend.o *crtend?.o) .ctors)
 *(SORT_BY_NAME(.ctors.*))
 *(.ctors)
                0x00001d20                __CTOR_END__ = .

.dtors          0x00001d20        0x0
                0x00001d20                __DTOR_LIST__ = .
 *crtbegin.o(.dtors)
 *crtbegin?.o(.dtors)
 *(EXCLUDE_FILE(*crtend.o *crtend?.o) .dtors)
 *(SORT_BY_NAME(.dtors.*))
 *(.dtors)
                0x00001d20                __DTOR_END__ = .

.preinit_array  0x00001d20        0x0
                0x00001d20                PROVIDE (__preinit_array_start = .)
 *(.preinit_array*)
                0x00001d20                PROVIDE (__preinit_array_end = .)

.init_array     0x00001d20        0x8
                0x00001d20                PROVIDE (__init_array_start = .)
 *(SORT_BY_NAME(.init_array.*))
 .init_array.00000
                0x00001d20        0x4 d:/nxp/s32ds.3.5/s32ds/build_tools/gcc_v10.2/gcc-10.2-arm32-eabi/bin/../lib/gcc/arm-none-eabi/10.2.0/../../../../arm-none-eabi/lib/thumb/v7e-m/nofp\libc.a(lib_a-__call_atexit.o)
 *(.init_array*)
 .init_array    0x00001d24        0x4 d:/nxp/s32ds.3.5/s32ds/build_tools/gcc_v10.2/gcc-10.2-arm32-eabi/bin/../lib/gcc/arm-none-eabi/10.2.0/thumb/v7e-m/nofp/crtbegin.o
                0x00001d28                PROVIDE (__init_array_end = .)

.fini_array     0x00001d28        0x4
                0x00001d28                PROVIDE (__fini_array_start = .)
 *(SORT_BY_NAME(.fini_array.*))
 *(.fini_array*)
 .fini_array    0x00001d28        0x4 d:/nxp/s32ds.3.5/s32ds/build_tools/gcc_v10.2/gcc-10.2-arm32-eabi/bin/../lib/gcc/arm-none-eabi/10.2.0/thumb/v7e-m/nofp/crtbegin.o
                0x00001d2c                PROVIDE (__fini_array_end = .)
                0x00001d2c                __etext = .
                0x00001d2c                __DATA_ROM = .

.interrupts_ram
                0x1fff8000        0x0
                0x1fff8000                . = ALIGN (0x4)
                0x1fff8000                __VECTOR_RAM__ = .
                0x1fff8000                __RAM_START = .
                0x1fff8000                __interrupts_ram_start__ = .
 *(.m_interrupts_ram)
                0x1fff8000                . = (. + M_VECTOR_RAM_SIZE)
                0x1fff8000                . = ALIGN (0x4)
                0x1fff8000                __interrupts_ram_end__ = .
                0x00000000                __VECTOR_RAM = DEFINED (__flash_vector_table__)?ORIGIN (m_interrupts):__VECTOR_RAM__
                0x00000000                __RAM_VECTOR_TABLE_SIZE = DEFINED (__flash_vector_table__)?0x0:(__interrupts_ram_end__ - __interrupts_ram_start__)

.data           0x1fff8000      0x468 load address 0x00001d2c
                0x1fff8000                . = ALIGN (0x4)
                0x1fff8000                __DATA_RAM = .
                0x1fff8000                __data_start__ = .
 *(.data)
 *(.data*)
 .data.GPIOPtr  0x1fff8000        0x4 ./driver/src/GPIO_driver.o
                0x1fff8000                GPIOPtr
 .data.Driver_USART1
                0x1fff8004       0x18 ./driver/src/UART_driver.o
                0x1fff8004                Driver_USART1
 .data.PORT_IRQn
                0x1fff801c        0x5 ./hal/src/gpio_hal.o
 *fill*         0x1fff8021        0x3 
 .data.DriverGPIO
                0x1fff8024       0x24 ./hal/src/gpio_hal.o
                0x1fff8024                DriverGPIO
 .data.UART1    0x1fff8048        0x4 ./src/main.o
 *fill*         0x1fff804c        0x4 
 .data.impure_data
                0x1fff8050      0x418 d:/nxp/s32ds.3.5/s32ds/build_tools/gcc_v10.2/gcc-10.2-arm32-eabi/bin/../lib/gcc/arm-none-eabi/10.2.0/../../../../arm-none-eabi/lib/thumb/v7e-m/nofp\libc.a(lib_a-impure.o)
 *(.jcr*)
                0x1fff8468                . = ALIGN (0x4)
                0x1fff8468                __data_end__ = .
                0x00002194                __DATA_END = (__DATA_ROM + (__data_end__ - __data_start__))
                0x00002194                __CODE_ROM = __DATA_END

.tm_clone_table
                0x1fff8468        0x0 load address 0x00002194
 .tm_clone_table
                0x1fff8468        0x0 d:/nxp/s32ds.3.5/s32ds/build_tools/gcc_v10.2/gcc-10.2-arm32-eabi/bin/../lib/gcc/arm-none-eabi/10.2.0/thumb/v7e-m/nofp/crtbegin.o
 .tm_clone_table
                0x1fff8468        0x0 d:/nxp/s32ds.3.5/s32ds/build_tools/gcc_v10.2/gcc-10.2-arm32-eabi/bin/../lib/gcc/arm-none-eabi/10.2.0/thumb/v7e-m/nofp/crtend.o

.igot.plt       0x1fff8468        0x0 load address 0x00002194
 .igot.plt      0x1fff8468        0x0 d:/nxp/s32ds.3.5/s32ds/build_tools/gcc_v10.2/gcc-10.2-arm32-eabi/bin/../lib/gcc/arm-none-eabi/10.2.0/thumb/v7e-m/nofp/crtbegin.o

.code           0x1fff8468      0x5c0 load address 0x00002194
                0x1fff8468                . = ALIGN (0x4)
                0x1fff8468                __CODE_RAM = .
                0x1fff8468                __code_start__ = .
                0x1fff8468                __code_ram_start__ = .
 *(.code_ram)
 .code_ram      0x1fff8468      0x4fc ./src/flash_driver.o
                0x1fff8468                is_in_ram
                0x1fff84ac                is_in_flash
                0x1fff84cc                app_valid
                0x1fff851e                flash_erase_app
                0x1fff85ac                flash_erase_sector
                0x1fff8614                flash_program_phrase
                0x1fff86d0                flash_program_buffer
                0x1fff8778                srec_parse_line
                0x1fff88e6                srec_receive_line
 .code_ram      0x1fff8964       0x88 ./src/jump_to_app.o
                0x1fff8964                jump_to_app
 *fill*         0x1fff89ec        0x4 
 .code_ram.__stub
                0x1fff89f0       0x38 linker stubs
                0x1fff8a28                . = ALIGN (0x4)
                0x1fff8a28                __code_end__ = .
                0x1fff8a28                __code_ram_end__ = .
                0x00002754                __CODE_END = (__CODE_ROM + (__code_end__ - __code_start__))
                0x00002754                __CUSTOM_ROM = __CODE_END

.rel.dyn        0x1fff8a28        0x0 load address 0x00002754
 .rel.iplt      0x1fff8a28        0x0 d:/nxp/s32ds.3.5/s32ds/build_tools/gcc_v10.2/gcc-10.2-arm32-eabi/bin/../lib/gcc/arm-none-eabi/10.2.0/thumb/v7e-m/nofp/crtbegin.o

.customSectionBlock
                0x20000000        0x0 load address 0x00002754
                0x20000000                __customSection_start__ = .
 *(.customSection)
                0x20000000                __customSection_end__ = .
                0x00002754                __CUSTOM_END = (__CUSTOM_ROM + (__customSection_end__ - __customSection_start__))

.bss            0x20000000      0x748
                0x20000000                . = ALIGN (0x4)
                0x20000000                __BSS_START = .
                0x20000000                __bss_start__ = .
 *(.bss)
 .bss           0x20000000       0x1c d:/nxp/s32ds.3.5/s32ds/build_tools/gcc_v10.2/gcc-10.2-arm32-eabi/bin/../lib/gcc/arm-none-eabi/10.2.0/thumb/v7e-m/nofp/crtbegin.o
 *(.bss*)
 .bss.UART1_callback
                0x2000001c        0x4 ./driver/src/UART_driver.o
                0x2000001c                UART1_callback
 .bss.rx_buf    0x20000020      0x400 ./driver/src/UART_driver.o
                0x20000020                rx_buf
 .bss.rx_w      0x20000420        0x2 ./driver/src/UART_driver.o
                0x20000420                rx_w
 .bss.rx_r      0x20000422        0x2 ./driver/src/UART_driver.o
                0x20000422                rx_r
 .bss.g_tx_cnt  0x20000424        0x4 ./driver/src/UART_driver.o
                0x20000424                g_tx_cnt
 .bss.callback  0x20000428      0x280 ./hal/src/gpio_hal.o
                0x20000428                callback
 .bss.callbackEvent
                0x200006a8       0xa0 ./hal/src/gpio_hal.o
                0x200006a8                callbackEvent
 *(COMMON)
                0x20000748                . = ALIGN (0x4)
                0x20000748                __bss_end__ = .
                0x20000748                __BSS_END = .

.heap           0x20000748      0x400
                0x20000748                . = ALIGN (0x8)
                0x20000748                __end__ = .
                0x20000748                __heap_start__ = .
                [!provide]                PROVIDE (end = .)
                [!provide]                PROVIDE (_end = .)
                [!provide]                PROVIDE (__end = .)
                0x20000748                __HeapBase = .
                0x20000b48                . = (. + HEAP_SIZE)
 *fill*         0x20000748      0x400 
                0x20000b48                __HeapLimit = .
                0x20000b48                __heap_limit = .
                0x20000b48                __heap_end__ = .
                0x20007000                __StackTop = (ORIGIN (m_data_2) + LENGTH (m_data_2))
                0x20006c00                __StackLimit = (__StackTop - STACK_SIZE)
                0x20007000                PROVIDE (__stack = __StackTop)
                0x20007000                __RAM_END = __StackTop

.stack          0x20006c00      0x400
                0x20006c00                . = ALIGN (0x8)
                0x20006c00                __stack_start__ = .
                0x20007000                . = (. + STACK_SIZE)
 *fill*         0x20006c00      0x400 
                0x20007000                __stack_end__ = .
                0x20000000                __START_BSS = __BSS_START
                0x20000748                __END_BSS = __BSS_END
                0x20007000                __SP_INIT = __StackTop

.ARM.attributes
                0x00000000       0x2a
 *(.ARM.attributes)
 .ARM.attributes
                0x00000000       0x1e d:/nxp/s32ds.3.5/s32ds/build_tools/gcc_v10.2/gcc-10.2-arm32-eabi/bin/../lib/gcc/arm-none-eabi/10.2.0/thumb/v7e-m/nofp/crti.o
 .ARM.attributes
                0x0000001e       0x2e d:/nxp/s32ds.3.5/s32ds/build_tools/gcc_v10.2/gcc-10.2-arm32-eabi/bin/../lib/gcc/arm-none-eabi/10.2.0/thumb/v7e-m/nofp/crtbegin.o
 .ARM.attributes
                0x0000004c       0x1c d:/nxp/s32ds.3.5/s32ds/build_tools/gcc_v10.2/gcc-10.2-arm32-eabi/bin/../lib/gcc/arm-none-eabi/10.2.0/../../../../arm-none-eabi/lib/thumb/v7e-m/nofp/crt0.o
 .ARM.attributes
                0x00000068       0x2e ./Project_Settings/Startup_Code/startup.o
 .ARM.attributes
                0x00000096       0x1b ./Project_Settings/Startup_Code/startup_S32K144.o
 .ARM.attributes
                0x000000b1       0x2e ./Project_Settings/Startup_Code/system_S32K144.o
 .ARM.attributes
                0x000000df       0x2e ./driver/src/GPIO_driver.o
 .ARM.attributes
                0x0000010d       0x2e ./driver/src/UART_driver.o
 .ARM.attributes
                0x0000013b       0x2e ./hal/src/gpio_hal.o
 .ARM.attributes
                0x00000169       0x2e ./src/flash_driver.o
 .ARM.attributes
                0x00000197       0x2e ./src/jump_to_app.o
 .ARM.attributes
                0x000001c5       0x2e ./src/main.o
 .ARM.attributes
                0x000001f3       0x2e d:/nxp/s32ds.3.5/s32ds/build_tools/gcc_v10.2/gcc-10.2-arm32-eabi/bin/../lib/gcc/arm-none-eabi/10.2.0/../../../../arm-none-eabi/lib/thumb/v7e-m/nofp\libc.a(lib_a-exit.o)
 .ARM.attributes
                0x00000221       0x2e d:/nxp/s32ds.3.5/s32ds/build_tools/gcc_v10.2/gcc-10.2-arm32-eabi/bin/../lib/gcc/arm-none-eabi/10.2.0/../../../../arm-none-eabi/lib/thumb/v7e-m/nofp\libc.a(lib_a-impure.o)
 .ARM.attributes
                0x0000024f       0x2e d:/nxp/s32ds.3.5/s32ds/build_tools/gcc_v10.2/gcc-10.2-arm32-eabi/bin/../lib/gcc/arm-none-eabi/10.2.0/../../../../arm-none-eabi/lib/thumb/v7e-m/nofp\libc.a(lib_a-init.o)
 .ARM.attributes
                0x0000027d       0x2e d:/nxp/s32ds.3.5/s32ds/build_tools/gcc_v10.2/gcc-10.2-arm32-eabi/bin/../lib/gcc/arm-none-eabi/10.2.0/../../../../arm-none-eabi/lib/thumb/v7e-m/nofp\libc.a(lib_a-memset.o)
 .ARM.attributes
                0x000002ab       0x17 d:/nxp/s32ds.3.5/s32ds/build_tools/gcc_v10.2/gcc-10.2-arm32-eabi/bin/../lib/gcc/arm-none-eabi/10.2.0/../../../../arm-none-eabi/lib/thumb/v7e-m/nofp\libc.a(lib_a-strlen.o)
 .ARM.attributes
                0x000002c2       0x2e d:/nxp/s32ds.3.5/s32ds/build_tools/gcc_v10.2/gcc-10.2-arm32-eabi/bin/../lib/gcc/arm-none-eabi/10.2.0/../../../../arm-none-eabi/lib/thumb/v7e-m/nofp\libc.a(lib_a-__call_atexit.o)
 .ARM.attributes
                0x000002f0       0x2e d:/nxp/s32ds.3.5/s32ds/build_tools/gcc_v10.2/gcc-10.2-arm32-eabi/bin/../lib/gcc/arm-none-eabi/10.2.0/../../../../arm-none-eabi/lib/thumb/v7e-m/nofp\libc.a(lib_a-fini.o)
 .ARM.attributes
                0x0000031e       0x2e d:/nxp/s32ds.3.5/s32ds/build_tools/gcc_v10.2/gcc-10.2-arm32-eabi/bin/../lib/gcc/arm-none-eabi/10.2.0/../../../../arm-none-eabi/lib/thumb/v7e-m/nofp\libc.a(lib_a-atexit.o)
 .ARM.attributes
                0x0000034c       0x2e d:/nxp/s32ds.3.5/s32ds/build_tools/gcc_v10.2/gcc-10.2-arm32-eabi/bin/../lib/gcc/arm-none-eabi/10.2.0/../../../../arm-none-eabi/lib/thumb/v7e-m/nofp\libc.a(lib_a-__atexit.o)
 .ARM.attributes
                0x0000037a       0x2e d:/nxp/s32ds.3.5/s32ds/build_tools/gcc_v10.2/gcc-10.2-arm32-eabi/bin/../lib/gcc/arm-none-eabi/10.2.0/../../../../arm-none-eabi/lib/thumb/v7e-m/nofp\libnosys.a(_exit.o)
 .ARM.attributes
                0x000003a8       0x2e d:/nxp/s32ds.3.5/s32ds/build_tools/gcc_v10.2/gcc-10.2-arm32-eabi/bin/../lib/gcc/arm-none-eabi/10.2.0/thumb/v7e-m/nofp/crtend.o
 .ARM.attributes
                0x000003d6       0x1e d:/nxp/s32ds.3.5/s32ds/build_tools/gcc_v10.2/gcc-10.2-arm32-eabi/bin/../lib/gcc/arm-none-eabi/10.2.0/thumb/v7e-m/nofp/crtn.o
                0x00000001                ASSERT ((__StackLimit >= __HeapLimit), region m_data_2 overflowed with stack and heap)
OUTPUT(BootLoader_prj.elf elf32-littlearm)
LOAD linker stubs

.comment        0x00000000       0x88
 .comment       0x00000000       0x88 d:/nxp/s32ds.3.5/s32ds/build_tools/gcc_v10.2/gcc-10.2-arm32-eabi/bin/../lib/gcc/arm-none-eabi/10.2.0/thumb/v7e-m/nofp/crtbegin.o
                                 0x89 (size before relaxing)
 .comment       0x00000088       0x89 ./Project_Settings/Startup_Code/startup.o
 .comment       0x00000088       0x89 ./Project_Settings/Startup_Code/system_S32K144.o
 .comment       0x00000088       0x89 ./driver/src/GPIO_driver.o
 .comment       0x00000088       0x89 ./driver/src/UART_driver.o
 .comment       0x00000088       0x89 ./hal/src/gpio_hal.o
 .comment       0x00000088       0x89 ./src/flash_driver.o
 .comment       0x00000088       0x89 ./src/jump_to_app.o
 .comment       0x00000088       0x89 ./src/main.o
 .comment       0x00000088       0x89 d:/nxp/s32ds.3.5/s32ds/build_tools/gcc_v10.2/gcc-10.2-arm32-eabi/bin/../lib/gcc/arm-none-eabi/10.2.0/../../../../arm-none-eabi/lib/thumb/v7e-m/nofp\libc.a(lib_a-exit.o)
 .comment       0x00000088       0x89 d:/nxp/s32ds.3.5/s32ds/build_tools/gcc_v10.2/gcc-10.2-arm32-eabi/bin/../lib/gcc/arm-none-eabi/10.2.0/../../../../arm-none-eabi/lib/thumb/v7e-m/nofp\libc.a(lib_a-impure.o)
 .comment       0x00000088       0x89 d:/nxp/s32ds.3.5/s32ds/build_tools/gcc_v10.2/gcc-10.2-arm32-eabi/bin/../lib/gcc/arm-none-eabi/10.2.0/../../../../arm-none-eabi/lib/thumb/v7e-m/nofp\libc.a(lib_a-init.o)
 .comment       0x00000088       0x89 d:/nxp/s32ds.3.5/s32ds/build_tools/gcc_v10.2/gcc-10.2-arm32-eabi/bin/../lib/gcc/arm-none-eabi/10.2.0/../../../../arm-none-eabi/lib/thumb/v7e-m/nofp\libc.a(lib_a-memset.o)
 .comment       0x00000088       0x89 d:/nxp/s32ds.3.5/s32ds/build_tools/gcc_v10.2/gcc-10.2-arm32-eabi/bin/../lib/gcc/arm-none-eabi/10.2.0/../../../../arm-none-eabi/lib/thumb/v7e-m/nofp\libc.a(lib_a-__call_atexit.o)
 .comment       0x00000088       0x89 d:/nxp/s32ds.3.5/s32ds/build_tools/gcc_v10.2/gcc-10.2-arm32-eabi/bin/../lib/gcc/arm-none-eabi/10.2.0/../../../../arm-none-eabi/lib/thumb/v7e-m/nofp\libc.a(lib_a-fini.o)
 .comment       0x00000088       0x89 d:/nxp/s32ds.3.5/s32ds/build_tools/gcc_v10.2/gcc-10.2-arm32-eabi/bin/../lib/gcc/arm-none-eabi/10.2.0/../../../../arm-none-eabi/lib/thumb/v7e-m/nofp\libc.a(lib_a-atexit.o)
 .comment       0x00000088       0x89 d:/nxp/s32ds.3.5/s32ds/build_tools/gcc_v10.2/gcc-10.2-arm32-eabi/bin/../lib/gcc/arm-none-eabi/10.2.0/../../../../arm-none-eabi/lib/thumb/v7e-m/nofp\libc.a(lib_a-__atexit.o)
 .comment       0x00000088       0x89 d:/nxp/s32ds.3.5/s32ds/build_tools/gcc_v10.2/gcc-10.2-arm32-eabi/bin/../lib/gcc/arm-none-eabi/10.2.0/../../../../arm-none-eabi/lib/thumb/v7e-m/nofp\libnosys.a(_exit.o)
 .comment       0x00000088       0x89 d:/nxp/s32ds.3.5/s32ds/build_tools/gcc_v10.2/gcc-10.2-arm32-eabi/bin/../lib/gcc/arm-none-eabi/10.2.0/thumb/v7e-m/nofp/crtend.o

.debug_line     0x00000000     0x2fdf
 .debug_line    0x00000000       0x93 d:/nxp/s32ds.3.5/s32ds/build_tools/gcc_v10.2/gcc-10.2-arm32-eabi/bin/../lib/gcc/arm-none-eabi/10.2.0/../../../../arm-none-eabi/lib/thumb/v7e-m/nofp/crt0.o
 .debug_line    0x00000093      0x378 ./Project_Settings/Startup_Code/startup.o
 .debug_line    0x0000040b       0x91 ./Project_Settings/Startup_Code/startup_S32K144.o
 .debug_line    0x0000049c      0x3ad ./Project_Settings/Startup_Code/system_S32K144.o
 .debug_line    0x00000849      0x5c3 ./driver/src/GPIO_driver.o
 .debug_line    0x00000e0c      0x71c ./driver/src/UART_driver.o
 .debug_line    0x00001528      0x6fd ./hal/src/gpio_hal.o
 .debug_line    0x00001c25      0x80b ./src/flash_driver.o
 .debug_line    0x00002430      0x4aa ./src/jump_to_app.o
 .debug_line    0x000028da      0x705 ./src/main.o

.debug_info     0x00000000     0x39dc
 .debug_info    0x00000000       0x26 d:/nxp/s32ds.3.5/s32ds/build_tools/gcc_v10.2/gcc-10.2-arm32-eabi/bin/../lib/gcc/arm-none-eabi/10.2.0/../../../../arm-none-eabi/lib/thumb/v7e-m/nofp/crt0.o
 .debug_info    0x00000026      0x443 ./Project_Settings/Startup_Code/startup.o
 .debug_info    0x00000469       0x26 ./Project_Settings/Startup_Code/startup_S32K144.o
 .debug_info    0x0000048f      0x567 ./Project_Settings/Startup_Code/system_S32K144.o
 .debug_info    0x000009f6      0x6b6 ./driver/src/GPIO_driver.o
 .debug_info    0x000010ac      0xc98 ./driver/src/UART_driver.o
 .debug_info    0x00001d44      0xc3a ./hal/src/gpio_hal.o
 .debug_info    0x0000297e      0x754 ./src/flash_driver.o
 .debug_info    0x000030d2      0x476 ./src/jump_to_app.o
 .debug_info    0x00003548      0x494 ./src/main.o

.debug_abbrev   0x00000000      0xe9a
 .debug_abbrev  0x00000000       0x14 d:/nxp/s32ds.3.5/s32ds/build_tools/gcc_v10.2/gcc-10.2-arm32-eabi/bin/../lib/gcc/arm-none-eabi/10.2.0/../../../../arm-none-eabi/lib/thumb/v7e-m/nofp/crt0.o
 .debug_abbrev  0x00000014      0x11c ./Project_Settings/Startup_Code/startup.o
 .debug_abbrev  0x00000130       0x14 ./Project_Settings/Startup_Code/startup_S32K144.o
 .debug_abbrev  0x00000144      0x13f ./Project_Settings/Startup_Code/system_S32K144.o
 .debug_abbrev  0x00000283      0x1bf ./driver/src/GPIO_driver.o
 .debug_abbrev  0x00000442      0x2b3 ./driver/src/UART_driver.o
 .debug_abbrev  0x000006f5      0x1ec ./hal/src/gpio_hal.o
 .debug_abbrev  0x000008e1      0x282 ./src/flash_driver.o
 .debug_abbrev  0x00000b63      0x154 ./src/jump_to_app.o
 .debug_abbrev  0x00000cb7      0x1e3 ./src/main.o

.debug_str      0x00000000    0x687ac
 .debug_str     0x00000000       0xb9 d:/nxp/s32ds.3.5/s32ds/build_tools/gcc_v10.2/gcc-10.2-arm32-eabi/bin/../lib/gcc/arm-none-eabi/10.2.0/../../../../arm-none-eabi/lib/thumb/v7e-m/nofp/crt0.o
 .debug_str     0x000000b9    0x62011 ./Project_Settings/Startup_Code/startup.o
                              0x621a6 (size before relaxing)
 .debug_str     0x000620ca       0x33 ./Project_Settings/Startup_Code/startup_S32K144.o
                                 0x70 (size before relaxing)
 .debug_str     0x000620fd      0x1f3 ./Project_Settings/Startup_Code/system_S32K144.o
                              0x62017 (size before relaxing)
 .debug_str     0x000622f0     0x4e3f ./driver/src/GPIO_driver.o
                              0x66d29 (size before relaxing)
 .debug_str     0x0006712f     0x1091 ./driver/src/UART_driver.o
                              0x665e2 (size before relaxing)
 .debug_str     0x000681c0      0x167 ./hal/src/gpio_hal.o
                              0x67352 (size before relaxing)
 .debug_str     0x00068327      0x2e0 ./src/flash_driver.o
                              0x661ff (size before relaxing)
 .debug_str     0x00068607       0x77 ./src/jump_to_app.o
                              0x65f46 (size before relaxing)
 .debug_str     0x0006867e      0x12e ./src/main.o
                              0x6740a (size before relaxing)

.debug_aranges  0x00000000      0x2b8
 .debug_aranges
                0x00000000       0x20 ./Project_Settings/Startup_Code/startup.o
 .debug_aranges
                0x00000020       0x20 ./Project_Settings/Startup_Code/startup_S32K144.o
 .debug_aranges
                0x00000040       0x30 ./Project_Settings/Startup_Code/system_S32K144.o
 .debug_aranges
                0x00000070       0x58 ./driver/src/GPIO_driver.o
 .debug_aranges
                0x000000c8       0x68 ./driver/src/UART_driver.o
 .debug_aranges
                0x00000130       0x60 ./hal/src/gpio_hal.o
 .debug_aranges
                0x00000190       0x98 ./src/flash_driver.o
 .debug_aranges
                0x00000228       0x38 ./src/jump_to_app.o
 .debug_aranges
                0x00000260       0x58 ./src/main.o

.debug_ranges   0x00000000      0x230
 .debug_ranges  0x00000000       0x10 ./Project_Settings/Startup_Code/startup.o
 .debug_ranges  0x00000010       0x20 ./Project_Settings/Startup_Code/system_S32K144.o
 .debug_ranges  0x00000030       0x48 ./driver/src/GPIO_driver.o
 .debug_ranges  0x00000078       0x58 ./driver/src/UART_driver.o
 .debug_ranges  0x000000d0       0x50 ./hal/src/gpio_hal.o
 .debug_ranges  0x00000120       0x88 ./src/flash_driver.o
 .debug_ranges  0x000001a8       0x28 ./src/jump_to_app.o
 .debug_ranges  0x000001d0       0x60 ./src/main.o

.debug_macro    0x00000000    0x2adb0
 .debug_macro   0x00000000       0xb5 ./Project_Settings/Startup_Code/startup.o
 .debug_macro   0x000000b5      0xa60 ./Project_Settings/Startup_Code/startup.o
 .debug_macro   0x00000b15       0x22 ./Project_Settings/Startup_Code/startup.o
 .debug_macro   0x00000b37       0x8e ./Project_Settings/Startup_Code/startup.o
 .debug_macro   0x00000bc5       0x51 ./Project_Settings/Startup_Code/startup.o
 .debug_macro   0x00000c16      0x103 ./Project_Settings/Startup_Code/startup.o
 .debug_macro   0x00000d19       0x6a ./Project_Settings/Startup_Code/startup.o
 .debug_macro   0x00000d83      0x1df ./Project_Settings/Startup_Code/startup.o
 .debug_macro   0x00000f62       0x10 ./Project_Settings/Startup_Code/startup.o
 .debug_macro   0x00000f72       0x7a ./Project_Settings/Startup_Code/startup.o
 .debug_macro   0x00000fec     0xc453 ./Project_Settings/Startup_Code/startup.o
 .debug_macro   0x0000d43f     0x1707 ./Project_Settings/Startup_Code/startup.o
 .debug_macro   0x0000eb46       0x22 ./Project_Settings/Startup_Code/startup.o
 .debug_macro   0x0000eb68       0x40 ./Project_Settings/Startup_Code/startup.o
 .debug_macro   0x0000eba8       0xb4 ./Project_Settings/Startup_Code/system_S32K144.o
 .debug_macro   0x0000ec5c       0x16 ./Project_Settings/Startup_Code/system_S32K144.o
 .debug_macro   0x0000ec72     0xc441 ./Project_Settings/Startup_Code/system_S32K144.o
 .debug_macro   0x0001b0b3       0x28 ./Project_Settings/Startup_Code/system_S32K144.o
 .debug_macro   0x0001b0db      0x22e ./driver/src/GPIO_driver.o
 .debug_macro   0x0001b309       0x52 ./driver/src/GPIO_driver.o
 .debug_macro   0x0001b35b       0x18 ./driver/src/GPIO_driver.o
 .debug_macro   0x0001b373       0x94 ./driver/src/GPIO_driver.o
 .debug_macro   0x0001b407       0x35 ./driver/src/GPIO_driver.o
 .debug_macro   0x0001b43c       0x34 ./driver/src/GPIO_driver.o
 .debug_macro   0x0001b470       0x16 ./driver/src/GPIO_driver.o
 .debug_macro   0x0001b486       0x57 ./driver/src/GPIO_driver.o
 .debug_macro   0x0001b4dd       0x97 ./driver/src/GPIO_driver.o
 .debug_macro   0x0001b574      0x333 ./driver/src/GPIO_driver.o
 .debug_macro   0x0001b8a7       0xfd ./driver/src/GPIO_driver.o
 .debug_macro   0x0001b9a4       0x10 ./driver/src/GPIO_driver.o
 .debug_macro   0x0001b9b4       0x16 ./driver/src/GPIO_driver.o
 .debug_macro   0x0001b9ca       0x43 ./driver/src/GPIO_driver.o
 .debug_macro   0x0001ba0d       0x34 ./driver/src/GPIO_driver.o
 .debug_macro   0x0001ba41       0x10 ./driver/src/GPIO_driver.o
 .debug_macro   0x0001ba51       0x52 ./driver/src/GPIO_driver.o
 .debug_macro   0x0001baa3      0x182 ./driver/src/GPIO_driver.o
 .debug_macro   0x0001bc25       0x10 ./driver/src/GPIO_driver.o
 .debug_macro   0x0001bc35       0x1c ./driver/src/GPIO_driver.o
 .debug_macro   0x0001bc51       0x52 ./driver/src/GPIO_driver.o
 .debug_macro   0x0001bca3       0x22 ./driver/src/GPIO_driver.o
 .debug_macro   0x0001bcc5       0x10 ./driver/src/GPIO_driver.o
 .debug_macro   0x0001bcd5       0x40 ./driver/src/GPIO_driver.o
 .debug_macro   0x0001bd15       0xd5 ./driver/src/GPIO_driver.o
 .debug_macro   0x0001bdea       0x1c ./driver/src/GPIO_driver.o
 .debug_macro   0x0001be06       0x3d ./driver/src/GPIO_driver.o
 .debug_macro   0x0001be43       0x16 ./driver/src/GPIO_driver.o
 .debug_macro   0x0001be59      0x16f ./driver/src/GPIO_driver.o
 .debug_macro   0x0001bfc8      0x411 ./driver/src/GPIO_driver.o
 .debug_macro   0x0001c3d9       0x2e ./driver/src/GPIO_driver.o
 .debug_macro   0x0001c407      0x1f5 ./driver/src/UART_driver.o
 .debug_macro   0x0001c5fc       0x58 ./driver/src/UART_driver.o
 .debug_macro   0x0001c654      0x106 ./driver/src/UART_driver.o
 .debug_macro   0x0001c75a      0x22a ./hal/src/gpio_hal.o
 .debug_macro   0x0001c984      0x254 ./src/flash_driver.o
 .debug_macro   0x0001cbd8      0x174 ./src/flash_driver.o
 .debug_macro   0x0001cd4c       0x10 ./src/flash_driver.o
 .debug_macro   0x0001cd5c       0x35 ./src/flash_driver.o
 .debug_macro   0x0001cd91       0x1c ./src/flash_driver.o
 .debug_macro   0x0001cdad      0x1ec ./src/jump_to_app.o
 .debug_macro   0x0001cf99     0x171c ./src/jump_to_app.o
 .debug_macro   0x0001e6b5     0xc43e ./src/jump_to_app.o
 .debug_macro   0x0002aaf3      0x2ad ./src/main.o
 .debug_macro   0x0002ada0       0x10 ./src/main.o

.debug_frame    0x00000000      0x8fc
 .debug_frame   0x00000000       0x38 ./Project_Settings/Startup_Code/startup.o
 .debug_frame   0x00000038       0x80 ./Project_Settings/Startup_Code/system_S32K144.o
 .debug_frame   0x000000b8      0x130 ./driver/src/GPIO_driver.o
 .debug_frame   0x000001e8      0x188 ./driver/src/UART_driver.o
 .debug_frame   0x00000370      0x178 ./hal/src/gpio_hal.o
 .debug_frame   0x000004e8      0x258 ./src/flash_driver.o
 .debug_frame   0x00000740       0x98 ./src/jump_to_app.o
 .debug_frame   0x000007d8      0x124 ./src/main.o
